// Vitest Snapshot v1

exports[`issuse 1`] = `
"
export default function () {
    function Foo() {
    }

    return Foo;
}
"
`;
